// Jest Snapshot v1, https://goo.gl/fbAQLP

exports[`Checking if Home page renders correctly 1`] = `
<div
  className="mainDiv"
>
  <h2
    className="welcome"
  >
    Welcome to our page!
  </h2>
  <p
    className="textParagraph"
  >
    In the words of Sofia Kovalevskaya: many who have had an opportunity of knowing any more about mathematics confuse it with arithmetic, and consider it an arid science. In reality, however, it is a science which requires a great amount of imagination.
  </p>
  <p
    className="textParagraph"
  >
    As said by Marston Morse: Mathematics are the result of mysterious powers which no one understands, and which the unconscious recognition of beauty must play an important part. Out of an infinity of designs a mathematician chooses one pattern for beauty's sake and pulls it down to earth.
  </p>
</div>
`;
